yarn run v1.22.22
$ next build
   Γû▓ Next.js 15.2.2
   - Environments: .env.local

